1
 
 
 
 
                                                             
                    Unpublished Work. © 2024 Siemens        
                         All Rights Reserved.                
                                                             
               This software and related documentation are   
                    proprietary to Siemens Industry          
                             Software Inc.                   
                                                             
              Siemens and the Siemens logo are registered    
             trademarks of Siemens Trademark GmbH & Co. KG.  
            Simcenter is a trademark, or registered trademark
                of Siemens Industry Software Inc. or its     
             subsidiaries in the United States and in other  
             countries.  Simcenter NASTRAN is a registered   
               trademark of Siemens Industry Software Inc.   
            All other trademarks, registered trademarks or   
               service marks belong to their respective      
                        holders.                             
                                                             
           LIMITATIONS TO U.S. GOVERNMENT RIGHTS. UNPUBLISHED
           - RIGHTS RESERVED UNDER THE COPYRIGHT LAWS OF THE 
            UNITED STATES. This computer software and related
               computer software documentation have been     
            developed exclusively at private expense and are 
           provided subject to the following rights:  If this
               computer software and computer  software      
            documentation qualify as "commercial items" (as  
             that term is defined in FAR 2.101), their use,  
            duplication or disclosure by the U.S. Government 
           is subject to the protections and restrictions as 
            set forth in the Siemens commercial license for  
            software and/or documentation, as prescribed in  
           FAR 12.212 and FAR 27.405(b)(2)(i) (for civilian  
             agencies) and in DFARS 227.7202-1(a) and DFARS  
           227.7202-3(a) (for the Department of Defense), or 
           any successor or similar regulation, as applicable
           or as amended from time to time.  If this computer
           software and computer documentation do not qualify
            as "commercial items", then they are "restricted 
           computer software" and are provided with "restric-
            tive rights", and their use, duplication or dis- 
            closure by the U.S. Government is subject to the 
            protections and restrictions as set forth in FAR 
           27.404(b) and FAR 52-227-14 (for civilian agencies
           ), and DFARS 227.7203-5(c) and DFARS 252.227-7014 
           (for the Department of Defense), or any successor 
           or similar regulation, as applicable or as amended
           from time to time. Siemens Industry Software Inc. 
           5800 Granite Parkway, Suite 600, Plano, TX 75024  
 

                * * * * * * * * * * * * * * * * * * * *
                * * * * * * * * * * * * * * * * * * * *
                * *                                 * *
                * *                                 * *
                * *                                 * *
                * *                                 * *
                * *     Simcenter Nastran 2412      * *
                * *                                 * *
                * *       VERSION - 2412.0072       * *
                * *                                 * *
                * *          OCT  3, 2024           * *
                * *                                 * *
                * *                                 * *
                * *Intel64 Family 6 Model 170 Stepp * *
                * *                                 * *
                * * MODEL Intel(R) Core(TM) Ultra 9 * *
                * *                                 * *
                * *           Windows 10            * *
                * *                                 * *
                * *       Compiled for X86-64       * *
                * *                                 * *
                * * * * * * * * * * * * * * * * * * * *
                * * * * * * * * * * * * * * * * * * * *
1 
  
                      Welcome to Simcenter Nastran
                      ----------------------------
  
  
 This "news" information can be turned off by setting "news=no" in the runtime
 configuration (RC) file.  The "news" keyword can be set in the system RC file
 for global, or multi-user control, and in a local file for local control.
 Individual jobs can be controlled by setting news to yes or no on the command
 line.
1                                                                          DECEMBER   2, 2025  SIMCENTER NASTRAN 10/ 3/24   PAGE     1
                                                                                                                                    
0        N A S T R A N    F I L E    A N D    S Y S T E M    P A R A M E T E R    E C H O                                           
0                                                                                                                                   
                                                                                                                                    
                                                                                                                                    
     NASTRAN BUFFSIZE=32769 $(C:/PROGRAM FILES/SIEMENS/FEMAP 2412 STUDENT/NASTRAN/CON
     NASTRAN BUFFPOOL=11650                                                          
     NASTRAN DIAGA=128 DIAGB=0 $(C:/PROGRAM FILES/SIEMENS/FEMAP 2412 STUDENT/NASTRAN/
     NASTRAN REAL=4241620992 $(MEMORY LIMIT FOR MPI AND OTHER SPECIALIZED MODULES)   
     INIT MASTER(S)                                                                  
     NASTRAN SYSTEM(442)=-1,SYSTEM(319)=1                                            
1                                                                          DECEMBER   2, 2025  SIMCENTER NASTRAN 10/ 3/24   PAGE     2
                                                                                                                                    
0        N A S T R A N    E X E C U T I V E    C O N T R O L    E C H O                                                             
0                                                                                                                                   
                                                                                                                                    
                                                                                                                                    
     ID MIXEDEL,FEMAP                                                                        
     SOL SESTATIC                                                                            
     CEND                                                                                    
1    SIMCENTER NASTRAN STATIC ANALYSIS SET                                 DECEMBER   2, 2025  SIMCENTER NASTRAN 10/ 3/24   PAGE     3
                                                                                                                                    
0                                                                                                                                   
0                                        C A S E    C O N T R O L    E C H O                                                        
                 COMMAND                                                                                                            
                 COUNT                                                                                                              
                  1        TITLE = SIMCENTER NASTRAN STATIC ANALYSIS SET                                         
                  2        ECHO = NONE                                                                           
                  3        DISPLACEMENT(PLOT) = ALL                                                              
                  4        SPCFORCE(PLOT) = ALL                                                                  
                  5        OLOAD(PLOT) = ALL                                                                     
                  6        FORCE(PLOT,CORNER) = ALL                                                              
                  7        STRESS(PLOT,CORNER) = ALL                                                             
                  8        SPC = 1                                                                               
                  9        LOAD = 1                                                                              
                 10      BEGIN BULK                                                                              
0                             INPUT BULK DATA ENTRY COUNT =         335
0                       TOTAL COUNT=       322


                                        M O D E L   S U M M A R Y

                                   NUMBER OF GRID     POINTS   =      169
 
 
                                   NUMBER OF CQUAD4   ELEMENTS =       48
                                   NUMBER OF CQUAD8   ELEMENTS =       32
 
1    SIMCENTER NASTRAN STATIC ANALYSIS SET                                 DECEMBER   2, 2025  SIMCENTER NASTRAN 10/ 3/24   PAGE     4
                                                                                                                                    
0                                                                                                                                   
                           O U T P U T   F R O M   G R I D   P O I N T   W E I G H T   G E N E R A T O R
0                                                     REFERENCE POINT =        0
                                                                M O
                      *  2.590600E-04  0.000000E+00  0.000000E+00  0.000000E+00  0.000000E+00 -2.590600E-04 *
                      *  0.000000E+00  2.590600E-04  0.000000E+00  0.000000E+00  0.000000E+00  2.590600E-04 *
                      *  0.000000E+00  0.000000E+00  2.590600E-04  2.590600E-04 -2.590600E-04  0.000000E+00 *
                      *  0.000000E+00  0.000000E+00  2.590600E-04  3.470226E-04 -2.590600E-04  0.000000E+00 *
                      *  0.000000E+00  0.000000E+00 -2.590600E-04 -2.590600E-04  3.470226E-04  0.000000E+00 *
                      * -2.590600E-04  2.590600E-04  0.000000E+00  0.000000E+00  0.000000E+00  6.940452E-04 *
                                                                 S
                                           *  1.000000E+00  0.000000E+00  0.000000E+00 *
                                           *  0.000000E+00  1.000000E+00  0.000000E+00 *
                                           *  0.000000E+00  0.000000E+00  1.000000E+00 *
                               DIRECTION
                          MASS AXIS SYSTEM (S)     MASS              X-C.G.        Y-C.G.        Z-C.G.
                                  X            2.590600E-04      0.000000E+00  1.000000E+00  0.000000E+00
                                  Y            2.590600E-04      1.000000E+00  0.000000E+00  0.000000E+00
                                  Z            2.590600E-04      1.000000E+00  1.000000E+00  0.000000E+00
                                                                I(S)
                                           *  8.796262E-05 -5.421011E-20  0.000000E+00 *
                                           * -5.421011E-20  8.796262E-05  0.000000E+00 *
                                           *  0.000000E+00  0.000000E+00  1.759252E-04 *
                                                                I(Q)
                                           *  8.796262E-05                             *
                                           *                8.796262E-05               *
                                           *                              1.759252E-04 *
                                                                 Q
                                           *  1.000000E+00  0.000000E+00  0.000000E+00 *
                                           *  0.000000E+00  1.000000E+00  0.000000E+00 *
                                           *  0.000000E+00  0.000000E+00  1.000000E+00 *

1    SIMCENTER NASTRAN STATIC ANALYSIS SET                                 DECEMBER   2, 2025  SIMCENTER NASTRAN 10/ 3/24   PAGE     5
                                                                                                                                    
0                                                                                                                                   
1    SIMCENTER NASTRAN STATIC ANALYSIS SET                                 DECEMBER   2, 2025  SIMCENTER NASTRAN 10/ 3/24   PAGE     6
                                                                                                                                    
0                                                                                                                                   
0 RESULTANTS ABOUT ORIGIN OF SUPERELEMENT BASIC COORDINATE SYSTEM IN SUPERELEMENT BASIC SYSTEM COORDINATES.

0                                                  OLOAD    RESULTANT       
  SUBCASE/    LOAD
  DAREA ID    TYPE       T1            T2            T3            R1            R2            R3
0        1     FX    0.000000E+00     ----          ----          ----       0.000000E+00  0.000000E+00                             
               FY       ----       1.000000E+04     ----       0.000000E+00     ----       1.000000E+04                             
               FZ       ----          ----       0.000000E+00  0.000000E+00  0.000000E+00     ----                                  
               MX       ----          ----          ----       0.000000E+00     ----          ----                                  
               MY       ----          ----          ----          ----       0.000000E+00     ----                                  
               MZ       ----          ----          ----          ----          ----       0.000000E+00                             
             TOTALS  0.000000E+00  1.000000E+04  0.000000E+00  0.000000E+00  0.000000E+00  1.000000E+04                             
 *** USER INFORMATION MESSAGE - SINGULARITIES FOUND USING EIGENVALUE METHOD
 ***     672 SINGULARITIES FOUND       672 SINGULARITIES ELIMINATED
1    SIMCENTER NASTRAN STATIC ANALYSIS SET                                 DECEMBER   2, 2025  SIMCENTER NASTRAN 10/ 3/24   PAGE     7
                                                                                                                                    
0                                                                                                                                   
 *** SYSTEM INFORMATION MESSAGE 6916 (DFMSYN)
     DECOMP ORDERING METHOD CHOSEN: DEFAULT, ORDERING METHOD USED: BEND
  
 *** USER INFORMATION MESSAGE 4158 (DFMSA)
 ---- STATISTICS FOR SPARSE DECOMPOSITION OF DATA BLOCK KLL      FOLLOW
        NUMBER OF NEGATIVE TERMS ON FACTOR DIAGONAL =      1
        MAXIMUM RATIO OF MATRIX DIAGONAL TO FACTOR DIAGONAL =  2.9E+12 AT ROW NUMBER        184
     User information:
     One, two or three of the statistics will be printed as follows:
     (1) negative terms on factor  diagonal only if they exist; (2) maximum
     ratio only if it exceeds a threshold defined by the parameter MAXRATIO
     (default 1.0E7);  (3) spill rows only if the problem spills.
     Depending on the context, these messages may indicate modeling
     problems. The threshold may be changed with the parameter MAXRATIO,
     however, the user is cautioned against arbitrarily increasing the
     MAXRATIO value just to get the model to run.  The cause of large
     MAXRATIOs should be investigated.
     This message is also generated (though the text is slightly different)
     when a Sturm check is performed during eigenvalue extraction. For this
     case, the message does not generally indicate a modeling problem.
     See the NASTRAN Installation and Operation Instructions for
     a discussion of these statistics.  See also the NASTRAN Numerical
     Methods User's Guide.
 *** USER WARNING MESSAGE 4698 (DCMPD)
     STATISTICS FOR DECOMPOSITION OF MATRIX KLL     .
     THE FOLLOWING DEGREES OF FREEDOM HAVE FACTOR DIAGONAL RATIOS GREATER THAN
      1.00000E+07 OR HAVE NEGATIVE TERMS ON THE FACTOR DIAGONAL.
     USER INFORMATION:
     THIS MESSAGE MAY BE IGNORED IF NO GRID POINT IDS OR HIGH RATIO MESSAGES APPEAR IN THE TABLE ON THE NEXT PAGE.
     User information:
     During decomposition, the degrees of freedom listed have pivot
     ratios that are that are greater than maxratio or are negative.
     Verify that the degrees of freedom are not part of a mechanism
     and that elements do not have excessive stiffness.  In superelement
     analysis this condition causes run termination.  PARAM,BAILOUT may
     be used to continue the run.  See the NASTRAN Numerical Methods
     User's Guide.
1    SIMCENTER NASTRAN STATIC ANALYSIS SET                                 DECEMBER   2, 2025  SIMCENTER NASTRAN 10/ 3/24   PAGE     8
                                                                                                                                    
0                                                                                                                                   
0                                                                                                                                   
         GRID POINT ID       DEGREE OF FREEDOM   MATRIX/FACTOR DIAGONAL RATIO        MATRIX DIAGONAL                                
                                                                                                                                    
             106                    T2                  -2.94851E+12                   6.24397E+06
 ^^^ USER   FATAL   MESSAGE 9137 (SEKRRS)    
 ^^^ RUN TERMINATED DUE TO EXCESSIVE PIVOT RATIOS IN MATRIX KLL. 
 ^^^ USER ACTION:  CONSTRAIN MECHANISMS WITH SPCI OR SUPORTI ENTRIES OR SPECIFY PARAM,BAILOUT,-1 TO  
 ^^^ CONTINUE THE RUN WITH MECHANISMS.   
1    SIMCENTER NASTRAN STATIC ANALYSIS SET                                 DECEMBER   2, 2025  SIMCENTER NASTRAN 10/ 3/24   PAGE     9
                                                                                                                                    
0                                                                                                                                   
 * * * *  D B D I C T   P R I N T  * * * *      SUBDMAP = PRTSUM  ,  DMAP STATEMENT NO.     28



0                                   * * * *  A N A L Y S I S  S U M M A R Y  T A B L E  * * * *
0 SEID  PEID PROJ VERS APRCH      SEMG SEMR SEKR SELG SELR MODES DYNRED SOLLIN PVALID SOLNL LOOPID DESIGN CYCLE SENSITIVITY
 --------------------------------------------------------------------------------------------------------------------------
     0     0    1    1 '        '    T    F    T    T    T     F      F      F      0     F     -1            0           F
0SEID = SUPERELEMENT ID.
 PEID = PRIMARY SUPERELEMENT ID OF IMAGE SUPERELEMENT.
 PROJ = PROJECT ID NUMBER.
 VERS = VERSION ID.
 APRCH = BLANK FOR STRUCTURAL ANALYSIS.  HEAT FOR HEAT TRANSFER ANALYSIS.
 SEMG = STIFFNESS AND MASS MATRIX GENERATION STEP.
 SEMR = MASS MATRIX REDUCTION STEP (INCLUDES EIGENVALUE SOLUTION FOR MODES).
 SEKR = STIFFNESS MATRIX REDUCTION STEP.
 SELG = LOAD MATRIX GENERATION STEP.
 SELR = LOAD MATRIX REDUCTION STEP. 
 MODES = T (TRUE) IF NORMAL MODES OR BUCKLING MODES CALCULATED.
 DYNRED = T (TRUE) MEANS GENERALIZED DYNAMIC AND/OR COMPONENT MODE REDUCTION PERFORMED.
 SOLLIN = T (TRUE) IF LINEAR SOLUTION EXISTS IN DATABASE.
 PVALID = P-DISTRIBUTION ID OF P-VALUE FOR P-ELEMENTS
 LOOPID = THE LAST LOOPID VALUE USED IN THE NONLINEAR ANALYSIS.  USEFUL FOR RESTARTS.
 SOLNL = T (TRUE) IF NONLINEAR SOLUTION EXISTS IN DATABASE.
 DESIGN CYCLE = THE LAST DESIGN CYCLE (ONLY VALID IN OPTIMIZATION).
 SENSITIVITY = SENSITIVITY MATRIX GENERATION FLAG.
1                                        * * * END OF JOB * * *
 
 
