1
 
 
 
 
                                                             
                    Unpublished Work. © 2024 Siemens        
                         All Rights Reserved.                
                                                             
               This software and related documentation are   
                    proprietary to Siemens Industry          
                             Software Inc.                   
                                                             
              Siemens and the Siemens logo are registered    
             trademarks of Siemens Trademark GmbH & Co. KG.  
            Simcenter is a trademark, or registered trademark
                of Siemens Industry Software Inc. or its     
             subsidiaries in the United States and in other  
             countries.  Simcenter NASTRAN is a registered   
               trademark of Siemens Industry Software Inc.   
            All other trademarks, registered trademarks or   
               service marks belong to their respective      
                        holders.                             
                                                             
           LIMITATIONS TO U.S. GOVERNMENT RIGHTS. UNPUBLISHED
           - RIGHTS RESERVED UNDER THE COPYRIGHT LAWS OF THE 
            UNITED STATES. This computer software and related
               computer software documentation have been     
            developed exclusively at private expense and are 
           provided subject to the following rights:  If this
               computer software and computer  software      
            documentation qualify as "commercial items" (as  
             that term is defined in FAR 2.101), their use,  
            duplication or disclosure by the U.S. Government 
           is subject to the protections and restrictions as 
            set forth in the Siemens commercial license for  
            software and/or documentation, as prescribed in  
           FAR 12.212 and FAR 27.405(b)(2)(i) (for civilian  
             agencies) and in DFARS 227.7202-1(a) and DFARS  
           227.7202-3(a) (for the Department of Defense), or 
           any successor or similar regulation, as applicable
           or as amended from time to time.  If this computer
           software and computer documentation do not qualify
            as "commercial items", then they are "restricted 
           computer software" and are provided with "restric-
            tive rights", and their use, duplication or dis- 
            closure by the U.S. Government is subject to the 
            protections and restrictions as set forth in FAR 
           27.404(b) and FAR 52-227-14 (for civilian agencies
           ), and DFARS 227.7203-5(c) and DFARS 252.227-7014 
           (for the Department of Defense), or any successor 
           or similar regulation, as applicable or as amended
           from time to time. Siemens Industry Software Inc. 
           5800 Granite Parkway, Suite 600, Plano, TX 75024  
 

                * * * * * * * * * * * * * * * * * * * *
                * * * * * * * * * * * * * * * * * * * *
                * *                                 * *
                * *                                 * *
                * *                                 * *
                * *                                 * *
                * *     Simcenter Nastran 2412      * *
                * *                                 * *
                * *       VERSION - 2412.0072       * *
                * *                                 * *
                * *          OCT  3, 2024           * *
                * *                                 * *
                * *                                 * *
                * *Intel64 Family 6 Model 170 Stepp * *
                * *                                 * *
                * * MODEL Intel(R) Core(TM) Ultra 9 * *
                * *                                 * *
                * *           Windows 10            * *
                * *                                 * *
                * *       Compiled for X86-64       * *
                * *                                 * *
                * * * * * * * * * * * * * * * * * * * *
                * * * * * * * * * * * * * * * * * * * *
1 
  
                      Welcome to Simcenter Nastran
                      ----------------------------
  
  
 This "news" information can be turned off by setting "news=no" in the runtime
 configuration (RC) file.  The "news" keyword can be set in the system RC file
 for global, or multi-user control, and in a local file for local control.
 Individual jobs can be controlled by setting news to yes or no on the command
 line.
1                                                                          NOVEMBER  24, 2025  SIMCENTER NASTRAN 10/ 3/24   PAGE     1
                                                                                                                                    
0        N A S T R A N    F I L E    A N D    S Y S T E M    P A R A M E T E R    E C H O                                           
0                                                                                                                                   
                                                                                                                                    
                                                                                                                                    
     NASTRAN BUFFSIZE=32769 $(C:/PROGRAM FILES/SIEMENS/FEMAP 2412 STUDENT/NASTRAN/CON
     NASTRAN BUFFPOOL=11650                                                          
     NASTRAN DIAGA=128 DIAGB=0 $(C:/PROGRAM FILES/SIEMENS/FEMAP 2412 STUDENT/NASTRAN/
     NASTRAN REAL=4241620992 $(MEMORY LIMIT FOR MPI AND OTHER SPECIALIZED MODULES)   
     INIT MASTER(S)                                                                  
     NASTRAN SYSTEM(442)=-1,SYSTEM(319)=1                                            
1                                                                          NOVEMBER  24, 2025  SIMCENTER NASTRAN 10/ 3/24   PAGE     2
                                                                                                                                    
0        N A S T R A N    E X E C U T I V E    C O N T R O L    E C H O                                                             
0                                                                                                                                   
                                                                                                                                    
                                                                                                                                    
     ID FFINALM,FEMAP                                                                        
     SOL SESTATIC                                                                            
     CEND                                                                                    
1    SIMCENTER NASTRAN STATIC ANALYSIS SET                                 NOVEMBER  24, 2025  SIMCENTER NASTRAN 10/ 3/24   PAGE     3
                                                                                                                                    
0                                                                                                                                   
0                                        C A S E    C O N T R O L    E C H O                                                        
                 COMMAND                                                                                                            
                 COUNT                                                                                                              
                  1        TITLE = SIMCENTER NASTRAN STATIC ANALYSIS SET                                         
                  2        ECHO = NONE                                                                           
                  3        DISPLACEMENT(PLOT) = ALL                                                              
                  4        SPCFORCE(PLOT) = ALL                                                                  
                  5        OLOAD(PLOT) = ALL                                                                     
                  6        FORCE(PLOT,CORNER) = ALL                                                              
                  7        STRESS(PLOT,CORNER) = ALL                                                             
                  8        SPC = 1                                                                               
                  9        LOAD = 1                                                                              
                 10      BEGIN BULK                                                                              
0                             INPUT BULK DATA ENTRY COUNT =        1879
0                       TOTAL COUNT=      1866


                                        M O D E L   S U M M A R Y

                                   NUMBER OF GRID     POINTS   =      927
 
 
                                   NUMBER OF CQUAD4   ELEMENTS =      851
                                   NUMBER OF CTRIA3   ELEMENTS =        4
 
 *** USER INFORMATION MESSAGE 7555 (GMTSTS)
     FINITE ELEMENT GEOMETRY CHECK RESULTS EXCEED TOLERANCE LEVELS FOR THE FOLLOWING ELEMENTS.
     USER ACTION: USE THE GEOMCHECK (EXECUTIVE CONTROL STATEMENT) KEYWORD=VALUE TO CHANGE TOLERANCE VALUES IF DESIRED.
     User information:
       Element Geometry test tolerance levels and message limits can be changed by the GEOMCHECK Executive Control statement.
       The following keywords are available:
         Q4_SKEW  - to modify the CQUAD4/CQUADR skew angle test tolerance.
         Q4_TAPER - to modify the CQUAD4/CQUADR taper ratio test tolerance.
         Q4_WARP  - to modify the CQUAD4/CQUADR warping coefficient test tolerance.
         Q4_IAMAX - to modify the CQUAD4/CQUADR maximum interior angle test tolerance.
         Q4_IAMIN - to modify the CQUAD4/CQUADR minimum interior angle test tolerance.
         T3_SKEW  - to modify the CTRIA3/CTRIAR skew angle test tolerance.
         T3_IAMAX - to modify the CTRIA3/CTRIAR maximum interior angle test tolerance.
         TET_AR   - to modify the CTETRA aspect ratio test tolerance.
         TET_EPLR - to modify the CTETRA edge node point length ratio test tolerance.
         TET_DETJ - to modify the CTETRA determinant of the Jacobian matrix test tolerance.
         TET_DETG - to modify the CTETRA determinant of the vertex points Jacobian matrix test tolerance.
         HEX_AR   - to modify the CHEXA aspect ratio test tolerance.
         HEX_EPLR - to modify the CHEXA edge node point length ratio test tolerance.
         HEX_DETJ - to modify the CHEXA determinant of the Jacobian matrix test tolerance.
         HEX_WARP - to modify the CHEXA face warping coefficient test tolerance.
         BEAM_OFF - to modify the CBEAM  offset length ratio test tolerance.
         BAR_OFF  - to modify the CBAR   offset length ratio test tolerance.
         MSGLIMIT - to limit the number of messages that are generated.
         MSGTYPE  - to modify the severity level of the test.
     A MAXIMUM OF        100 SKEW ANGLE (SA)      TOLERANCE LIMIT VIOLATIONS WILL BE IDENTIFIED AND INDICATED BY xxxx.
     A MAXIMUM OF        100 MIN INT. ANGLE (IA)  TOLERANCE LIMIT VIOLATIONS WILL BE IDENTIFIED AND INDICATED BY xxxx.
     A MAXIMUM OF        100 MAX INT. ANGLE (IA)  TOLERANCE LIMIT VIOLATIONS WILL BE IDENTIFIED AND INDICATED BY xxxx.
     A MAXIMUM OF        100 WARPING FACTOR (WF)  TOLERANCE LIMIT VIOLATIONS WILL BE IDENTIFIED AND INDICATED BY xxxx.
     A MAXIMUM OF        100 TAPER RATIO (TR)     TOLERANCE LIMIT VIOLATIONS WILL BE IDENTIFIED AND INDICATED BY xxxx.
     A MAXIMUM OF        100 ASPECT RATIO (AR)    TOLERANCE LIMIT VIOLATIONS WILL BE IDENTIFIED AND INDICATED BY xxxx.
1    SIMCENTER NASTRAN STATIC ANALYSIS SET                                 NOVEMBER  24, 2025  SIMCENTER NASTRAN 10/ 3/24   PAGE     4
                                                                                                                                    
0                                                                                                                                   
     TOLERANCE LIMITS ARE:  SA =  30.00, IA(MIN) =  30.00, IA(MAX) = 150.00, WF =   0.05, TR =   0.50, AR = 100.00
 (xxxx = LIMIT VIOLATED)
 ELEMENT TYPE       ID          SKEW ANGLE      MIN INT. ANGLE    MAX INT. ANGLE    WARPING FACTOR      TAPER RATIO      ASPECT RATIO  
    QUAD4        3072        89.15             64.10            133.15              0.00              0.55 xxxx         2.04     
    QUAD4        3082        81.52             54.61            132.46              0.00              0.61 xxxx         2.27     
    QUAD4        3122        74.52             51.38            121.88              0.00              0.57 xxxx         2.16     
    QUAD4        3271        85.33             60.47            127.46              0.00              0.55 xxxx         2.09     
    QUAD4        3286        75.40             50.15            123.68              0.00              0.56 xxxx         2.34     
    QUAD4        3663        79.83             57.13            122.09              0.00              0.54 xxxx         1.97     
    QUAD4        3665        56.95             37.11            126.56              0.00              0.53 xxxx         3.62     
    QUAD4        3676        82.51             58.50            127.23              0.00              0.56 xxxx         1.99     
    QUAD4        3692        84.79             58.66            132.91              0.00              0.60 xxxx         2.12     
1    SIMCENTER NASTRAN STATIC ANALYSIS SET                                 NOVEMBER  24, 2025  SIMCENTER NASTRAN 10/ 3/24   PAGE     5
                                                                                                                                    
0                                                                                                                                   


                            E L E M E N T   G E O M E T R Y   T E S T   R E S U L T S   S U M M A R Y
                                        TOTAL NUMBER OF TIMES TOLERANCES WERE EXCEEDED
 ELEMENT     SKEW    ASPECT/       MINIMUM       MAXIMUM    SURFACE/FACE  THICKNESS/     EDGE POINT    EDGE POINT       JACOBIAN
 TYPE        ANGLE  TAPER RATIO  INTER. ANGLE  INTER. ANGLE  WARP FACTOR  OFFSET RATIO  LENGTH RATIO  INCLUDED ANGLE  DETERMINANT
 QUAD4           0          9             0             0             0           N/A           N/A           N/A           N/A     
 TRIA3           0        N/A           N/A             0           N/A           N/A           N/A           N/A           N/A     

         N/A IN THE ABOVE TABLE INDICATES TESTS THAT ARE NOT APPLICABLE TO THE ELEMENT TYPE AND WERE NOT PERFORMED.
         FOR ALL ELEMENTS WHERE GEOMETRY TEST RESULTS HAVE EXCEEDED TOLERANCES,

         QUAD4    ELEMENT ID     3082 PRODUCED LARGEST  TAPER RATIO      OF       0.61 (TOLERANCE =        0.50).
1    SIMCENTER NASTRAN STATIC ANALYSIS SET                                 NOVEMBER  24, 2025  SIMCENTER NASTRAN 10/ 3/24   PAGE     6
                                                                                                                                    
0                                                                                                                                   
                           O U T P U T   F R O M   G R I D   P O I N T   W E I G H T   G E N E R A T O R
0                                                     REFERENCE POINT =        0
                                                                M O
                      *  9.764654E-04  0.000000E+00  0.000000E+00  0.000000E+00  0.000000E+00 -9.237812E-04 *
                      *  0.000000E+00  9.764654E-04  0.000000E+00  0.000000E+00  0.000000E+00  3.583994E-03 *
                      *  0.000000E+00  0.000000E+00  9.764654E-04  9.237812E-04 -3.583994E-03  0.000000E+00 *
                      *  0.000000E+00  0.000000E+00  9.237812E-04  1.286061E-03 -2.774083E-03  0.000000E+00 *
                      *  0.000000E+00  0.000000E+00 -3.583994E-03 -2.774083E-03  1.907789E-02  0.000000E+00 *
                      * -9.237812E-04  3.583994E-03  0.000000E+00  0.000000E+00  0.000000E+00  2.036395E-02 *
                                                                 S
                                           *  1.000000E+00  0.000000E+00  0.000000E+00 *
                                           *  0.000000E+00  1.000000E+00  0.000000E+00 *
                                           *  0.000000E+00  0.000000E+00  1.000000E+00 *
                               DIRECTION
                          MASS AXIS SYSTEM (S)     MASS              X-C.G.        Y-C.G.        Z-C.G.
                                  X            9.764654E-04      0.000000E+00  9.460460E-01  0.000000E+00
                                  Y            9.764654E-04      3.670375E+00  0.000000E+00  0.000000E+00
                                  Z            9.764654E-04      3.670375E+00  9.460460E-01  0.000000E+00
                                                                I(S)
                                           *  4.121213E-04 -6.165404E-04  0.000000E+00 *
                                           * -6.165404E-04  5.923291E-03  0.000000E+00 *
                                           *  0.000000E+00  0.000000E+00  6.335412E-03 *
                                                                I(Q)
                                           *  3.439905E-04                             *
                                           *                5.991421E-03               *
                                           *                              6.335412E-03 *
                                                                 Q
                                           *  9.939497E-01  1.098364E-01  0.000000E+00 *
                                           * -1.098364E-01  9.939497E-01  0.000000E+00 *
                                           *  0.000000E+00  0.000000E+00  1.000000E+00 *

1    SIMCENTER NASTRAN STATIC ANALYSIS SET                                 NOVEMBER  24, 2025  SIMCENTER NASTRAN 10/ 3/24   PAGE     7
                                                                                                                                    
0                                                                                                                                   
1    SIMCENTER NASTRAN STATIC ANALYSIS SET                                 NOVEMBER  24, 2025  SIMCENTER NASTRAN 10/ 3/24   PAGE     8
                                                                                                                                    
0                                                                                                                                   
0 RESULTANTS ABOUT ORIGIN OF SUPERELEMENT BASIC COORDINATE SYSTEM IN SUPERELEMENT BASIC SYSTEM COORDINATES.

0                                                  OLOAD    RESULTANT       
  SUBCASE/    LOAD
  DAREA ID    TYPE       T1            T2            T3            R1            R2            R3
0        1     FX    1.000000E+03     ----          ----          ----       0.000000E+00 -3.749993E+02                             
               FY       ----       0.000000E+00     ----       0.000000E+00     ----       0.000000E+00                             
               FZ       ----          ----       0.000000E+00  0.000000E+00  0.000000E+00     ----                                  
               MX       ----          ----          ----       0.000000E+00     ----          ----                                  
               MY       ----          ----          ----          ----       0.000000E+00     ----                                  
               MZ       ----          ----          ----          ----          ----       0.000000E+00                             
             TOTALS  1.000000E+03  0.000000E+00  0.000000E+00  0.000000E+00  0.000000E+00 -3.749993E+02                             
 *** USER INFORMATION MESSAGE - SINGULARITIES FOUND USING EIGENVALUE METHOD
 ***    3704 SINGULARITIES FOUND      3704 SINGULARITIES ELIMINATED
1    SIMCENTER NASTRAN STATIC ANALYSIS SET                                 NOVEMBER  24, 2025  SIMCENTER NASTRAN 10/ 3/24   PAGE     9
                                                                                                                                    
0                                                                                                                                   
 *** SYSTEM INFORMATION MESSAGE 6916 (DFMSYN)
     DECOMP ORDERING METHOD CHOSEN: DEFAULT, ORDERING METHOD USED: BEND
 *** USER INFORMATION MESSAGE 5293 (SSG3A)
    FOR DATA BLOCK KLL     
    LOAD SEQ. NO.             EPSILON              EXTERNAL WORK      EPSILONS LARGER THAN 0.001 ARE FLAGGED WITH ASTERISKS
    User information:
    One line of output is printed for each static loading condition.
    Small values of EPSILON are due to accumulated round-off error. Large
    values of EPSILON indicate possible singularities in the stiffness
    matrix.  See Section 9.5.1.
                1         -2.9687819E-14          1.5869117E+00
1    SIMCENTER NASTRAN STATIC ANALYSIS SET                                 NOVEMBER  24, 2025  SIMCENTER NASTRAN 10/ 3/24   PAGE    10
                                                                                                                                    
0                                                                                                                                   
0 RESULTANTS ABOUT ORIGIN OF SUPERELEMENT BASIC COORDINATE SYSTEM IN SUPERELEMENT BASIC SYSTEM COORDINATES.

0                                                  SPCFORCE RESULTANT       
  SUBCASE/    LOAD
  DAREA ID    TYPE       T1            T2            T3            R1            R2            R3
0        1     FX   -1.000000E+03     ----          ----          ----       0.000000E+00  1.127771E+03                             
               FY       ----       1.819878E-11     ----       0.000000E+00     ----      -7.527717E+02                             
               FZ       ----          ----       0.000000E+00  0.000000E+00  0.000000E+00     ----                                  
               MX       ----          ----          ----       0.000000E+00     ----          ----                                  
               MY       ----          ----          ----          ----       0.000000E+00     ----                                  
               MZ       ----          ----          ----          ----          ----       0.000000E+00                             
             TOTALS -1.000000E+03  1.819878E-11  0.000000E+00  0.000000E+00  0.000000E+00  3.749993E+02                             
1    SIMCENTER NASTRAN STATIC ANALYSIS SET                                 NOVEMBER  24, 2025  SIMCENTER NASTRAN 10/ 3/24   PAGE    11
                                                                                                                                    
0                                                                                                                                   
1    SIMCENTER NASTRAN STATIC ANALYSIS SET                                 NOVEMBER  24, 2025  SIMCENTER NASTRAN 10/ 3/24   PAGE    12
                                                                                                                                    
0                                                                                                                                   
1    SIMCENTER NASTRAN STATIC ANALYSIS SET                                 NOVEMBER  24, 2025  SIMCENTER NASTRAN 10/ 3/24   PAGE    13
                                                                                                                                    
0                                                                                                                                   
1    SIMCENTER NASTRAN STATIC ANALYSIS SET                                 NOVEMBER  24, 2025  SIMCENTER NASTRAN 10/ 3/24   PAGE    14
                                                                                                                                    
0                                                                                                                                   
 * * * *  D B D I C T   P R I N T  * * * *      SUBDMAP = PRTSUM  ,  DMAP STATEMENT NO.     28



0                                   * * * *  A N A L Y S I S  S U M M A R Y  T A B L E  * * * *
0 SEID  PEID PROJ VERS APRCH      SEMG SEMR SEKR SELG SELR MODES DYNRED SOLLIN PVALID SOLNL LOOPID DESIGN CYCLE SENSITIVITY
 --------------------------------------------------------------------------------------------------------------------------
     0     0    1    1 '        '    T    T    T    T    T     F      F      T      0     F     -1            0           F
0SEID = SUPERELEMENT ID.
 PEID = PRIMARY SUPERELEMENT ID OF IMAGE SUPERELEMENT.
 PROJ = PROJECT ID NUMBER.
 VERS = VERSION ID.
 APRCH = BLANK FOR STRUCTURAL ANALYSIS.  HEAT FOR HEAT TRANSFER ANALYSIS.
 SEMG = STIFFNESS AND MASS MATRIX GENERATION STEP.
 SEMR = MASS MATRIX REDUCTION STEP (INCLUDES EIGENVALUE SOLUTION FOR MODES).
 SEKR = STIFFNESS MATRIX REDUCTION STEP.
 SELG = LOAD MATRIX GENERATION STEP.
 SELR = LOAD MATRIX REDUCTION STEP. 
 MODES = T (TRUE) IF NORMAL MODES OR BUCKLING MODES CALCULATED.
 DYNRED = T (TRUE) MEANS GENERALIZED DYNAMIC AND/OR COMPONENT MODE REDUCTION PERFORMED.
 SOLLIN = T (TRUE) IF LINEAR SOLUTION EXISTS IN DATABASE.
 PVALID = P-DISTRIBUTION ID OF P-VALUE FOR P-ELEMENTS
 LOOPID = THE LAST LOOPID VALUE USED IN THE NONLINEAR ANALYSIS.  USEFUL FOR RESTARTS.
 SOLNL = T (TRUE) IF NONLINEAR SOLUTION EXISTS IN DATABASE.
 DESIGN CYCLE = THE LAST DESIGN CYCLE (ONLY VALID IN OPTIMIZATION).
 SENSITIVITY = SENSITIVITY MATRIX GENERATION FLAG.
1                                        * * * END OF JOB * * *
 
 
